// Jest Snapshot v1, https://goo.gl/fbAQLP

exports[`UserTable snapshot for userTable 1`] = `
ShallowWrapper {
  Symbol(enzyme.__root__): [Circular],
  Symbol(enzyme.__unrendered__): <UsersTable
    data={
      Object {
        "users": Array [],
      }
    }
    urlParams=""
  />,
  Symbol(enzyme.__renderer__): Object {
    "batchedUpdates": [Function],
    "getNode": [Function],
    "render": [Function],
    "simulateError": [Function],
    "simulateEvent": [Function],
    "unmount": [Function],
  },
  Symbol(enzyme.__node__): Object {
    "instance": null,
    "key": undefined,
    "nodeType": "host",
    "props": Object {
      "children": Array [
        <thead>
          <tr>
            <th>
              First Name
            </th>
            <th>
              Last Name
            </th>
            <th>
              Email
            </th>
            <th>
              Github Handle
            </th>
            <th
              className="text-centered"
            >
              Edit
            </th>
            <th
              className="text-centered"
            >
              Block
            </th>
            <th
              className="text-centered"
            >
              Delete
            </th>
            <th
              className="text-centered"
            >
              View Details
            </th>
          </tr>
        </thead>,
        <tbody />,
      ],
      "className": "table table-hover",
    },
    "ref": null,
    "rendered": Array [
      Object {
        "instance": null,
        "key": undefined,
        "nodeType": "host",
        "props": Object {
          "children": <tr>
            <th>
              First Name
            </th>
            <th>
              Last Name
            </th>
            <th>
              Email
            </th>
            <th>
              Github Handle
            </th>
            <th
              className="text-centered"
            >
              Edit
            </th>
            <th
              className="text-centered"
            >
              Block
            </th>
            <th
              className="text-centered"
            >
              Delete
            </th>
            <th
              className="text-centered"
            >
              View Details
            </th>
          </tr>,
        },
        "ref": null,
        "rendered": Object {
          "instance": null,
          "key": undefined,
          "nodeType": "host",
          "props": Object {
            "children": Array [
              <th>
                First Name
              </th>,
              <th>
                Last Name
              </th>,
              <th>
                Email
              </th>,
              <th>
                Github Handle
              </th>,
              <th
                className="text-centered"
              >
                Edit
              </th>,
              <th
                className="text-centered"
              >
                Block
              </th>,
              <th
                className="text-centered"
              >
                Delete
              </th>,
              <th
                className="text-centered"
              >
                View Details
              </th>,
            ],
          },
          "ref": null,
          "rendered": Array [
            Object {
              "instance": null,
              "key": undefined,
              "nodeType": "host",
              "props": Object {
                "children": "First Name",
              },
              "ref": null,
              "rendered": "First Name",
              "type": "th",
            },
            Object {
              "instance": null,
              "key": undefined,
              "nodeType": "host",
              "props": Object {
                "children": "Last Name",
              },
              "ref": null,
              "rendered": "Last Name",
              "type": "th",
            },
            Object {
              "instance": null,
              "key": undefined,
              "nodeType": "host",
              "props": Object {
                "children": "Email",
              },
              "ref": null,
              "rendered": "Email",
              "type": "th",
            },
            Object {
              "instance": null,
              "key": undefined,
              "nodeType": "host",
              "props": Object {
                "children": "Github Handle",
              },
              "ref": null,
              "rendered": "Github Handle",
              "type": "th",
            },
            Object {
              "instance": null,
              "key": undefined,
              "nodeType": "host",
              "props": Object {
                "children": "Edit",
                "className": "text-centered",
              },
              "ref": null,
              "rendered": "Edit",
              "type": "th",
            },
            Object {
              "instance": null,
              "key": undefined,
              "nodeType": "host",
              "props": Object {
                "children": "Block",
                "className": "text-centered",
              },
              "ref": null,
              "rendered": "Block",
              "type": "th",
            },
            Object {
              "instance": null,
              "key": undefined,
              "nodeType": "host",
              "props": Object {
                "children": "Delete",
                "className": "text-centered",
              },
              "ref": null,
              "rendered": "Delete",
              "type": "th",
            },
            Object {
              "instance": null,
              "key": undefined,
              "nodeType": "host",
              "props": Object {
                "children": "View Details",
                "className": "text-centered",
              },
              "ref": null,
              "rendered": "View Details",
              "type": "th",
            },
          ],
          "type": "tr",
        },
        "type": "thead",
      },
      Object {
        "instance": null,
        "key": undefined,
        "nodeType": "host",
        "props": Object {
          "children": Array [],
        },
        "ref": null,
        "rendered": Array [],
        "type": "tbody",
      },
    ],
    "type": "table",
  },
  Symbol(enzyme.__nodes__): Array [
    Object {
      "instance": null,
      "key": undefined,
      "nodeType": "host",
      "props": Object {
        "children": Array [
          <thead>
            <tr>
              <th>
                First Name
              </th>
              <th>
                Last Name
              </th>
              <th>
                Email
              </th>
              <th>
                Github Handle
              </th>
              <th
                className="text-centered"
              >
                Edit
              </th>
              <th
                className="text-centered"
              >
                Block
              </th>
              <th
                className="text-centered"
              >
                Delete
              </th>
              <th
                className="text-centered"
              >
                View Details
              </th>
            </tr>
          </thead>,
          <tbody />,
        ],
        "className": "table table-hover",
      },
      "ref": null,
      "rendered": Array [
        Object {
          "instance": null,
          "key": undefined,
          "nodeType": "host",
          "props": Object {
            "children": <tr>
              <th>
                First Name
              </th>
              <th>
                Last Name
              </th>
              <th>
                Email
              </th>
              <th>
                Github Handle
              </th>
              <th
                className="text-centered"
              >
                Edit
              </th>
              <th
                className="text-centered"
              >
                Block
              </th>
              <th
                className="text-centered"
              >
                Delete
              </th>
              <th
                className="text-centered"
              >
                View Details
              </th>
            </tr>,
          },
          "ref": null,
          "rendered": Object {
            "instance": null,
            "key": undefined,
            "nodeType": "host",
            "props": Object {
              "children": Array [
                <th>
                  First Name
                </th>,
                <th>
                  Last Name
                </th>,
                <th>
                  Email
                </th>,
                <th>
                  Github Handle
                </th>,
                <th
                  className="text-centered"
                >
                  Edit
                </th>,
                <th
                  className="text-centered"
                >
                  Block
                </th>,
                <th
                  className="text-centered"
                >
                  Delete
                </th>,
                <th
                  className="text-centered"
                >
                  View Details
                </th>,
              ],
            },
            "ref": null,
            "rendered": Array [
              Object {
                "instance": null,
                "key": undefined,
                "nodeType": "host",
                "props": Object {
                  "children": "First Name",
                },
                "ref": null,
                "rendered": "First Name",
                "type": "th",
              },
              Object {
                "instance": null,
                "key": undefined,
                "nodeType": "host",
                "props": Object {
                  "children": "Last Name",
                },
                "ref": null,
                "rendered": "Last Name",
                "type": "th",
              },
              Object {
                "instance": null,
                "key": undefined,
                "nodeType": "host",
                "props": Object {
                  "children": "Email",
                },
                "ref": null,
                "rendered": "Email",
                "type": "th",
              },
              Object {
                "instance": null,
                "key": undefined,
                "nodeType": "host",
                "props": Object {
                  "children": "Github Handle",
                },
                "ref": null,
                "rendered": "Github Handle",
                "type": "th",
              },
              Object {
                "instance": null,
                "key": undefined,
                "nodeType": "host",
                "props": Object {
                  "children": "Edit",
                  "className": "text-centered",
                },
                "ref": null,
                "rendered": "Edit",
                "type": "th",
              },
              Object {
                "instance": null,
                "key": undefined,
                "nodeType": "host",
                "props": Object {
                  "children": "Block",
                  "className": "text-centered",
                },
                "ref": null,
                "rendered": "Block",
                "type": "th",
              },
              Object {
                "instance": null,
                "key": undefined,
                "nodeType": "host",
                "props": Object {
                  "children": "Delete",
                  "className": "text-centered",
                },
                "ref": null,
                "rendered": "Delete",
                "type": "th",
              },
              Object {
                "instance": null,
                "key": undefined,
                "nodeType": "host",
                "props": Object {
                  "children": "View Details",
                  "className": "text-centered",
                },
                "ref": null,
                "rendered": "View Details",
                "type": "th",
              },
            ],
            "type": "tr",
          },
          "type": "thead",
        },
        Object {
          "instance": null,
          "key": undefined,
          "nodeType": "host",
          "props": Object {
            "children": Array [],
          },
          "ref": null,
          "rendered": Array [],
          "type": "tbody",
        },
      ],
      "type": "table",
    },
  ],
  Symbol(enzyme.__options__): Object {
    "adapter": ReactSixteenAdapter {
      "options": Object {
        "enableComponentDidUpdateOnSetState": true,
        "lifecycles": Object {
          "componentDidUpdate": Object {
            "onSetState": true,
          },
          "getDerivedStateFromProps": true,
          "getSnapshotBeforeUpdate": true,
          "setState": Object {
            "skipsComponentDidUpdateOnNullish": true,
          },
        },
      },
    },
  },
}
`;
